  Round 01/30  [█░░░░░░░░░░░░░░░░░░░░░░░░░░░░░] 1/30
           Accuracy  : 36.86%  (+0.0%)
           F1 (macro): 0.2172  |  AUC: 0.6178
           Time      : 2.3s  |  ETA: 66.0s

  Round 02/30  [██░░░░░░░░░░░░░░░░░░░░░░░░░░░░] 2/30
           Accuracy  : 45.4%  (+8.54%)
           F1 (macro): 0.3759  |  AUC: 0.7547
           Time      : 2.1s  |  ETA: 61.0s

  Round 03/30  [███░░░░░░░░░░░░░░░░░░░░░░░░░░░] 3/30
           Accuracy  : 61.86%  (+16.45%)
           F1 (macro): 0.5533  |  AUC: 0.8192
           Time      : 2.2s  |  ETA: 59.0s

  Round 04/30  [████░░░░░░░░░░░░░░░░░░░░░░░░░░] 4/30
           Accuracy  : 75.01%  (+13.15%)
           F1 (macro): 0.6825  |  AUC: 0.8401
           Time      : 2.2s  |  ETA: 57.0s

  Round 05/30  [█████░░░░░░░░░░░░░░░░░░░░░░░░░] 5/30
           Accuracy  : 84.53%  (+9.52%)
           F1 (macro): 0.7567  |  AUC: 0.8461
           Time      : 1.7s  |  ETA: 52.0s

  Round 06/30  [██████░░░░░░░░░░░░░░░░░░░░░░░░] 6/30
           Accuracy  : 87.03%  (+2.5%)
           F1 (macro): 0.7888  |  AUC: 0.9934
           Time      : 1.5s  |  ETA: 48.0s

  Round 07/30  [███████░░░░░░░░░░░░░░░░░░░░░░░] 7/30
           Accuracy  : 87.65%  (+0.62%)
           F1 (macro): 0.814  |  AUC: 0.9941
           Time      : 2.6s  |  ETA: 48.0s

  Round 08/30  [████████░░░░░░░░░░░░░░░░░░░░░░] 8/30
           Accuracy  : 83.56%  (-4.09%)
           F1 (macro): 0.8057  |  AUC: 0.8487
           Time      : 1.6s  |  ETA: 44.0s

  Round 09/30  [█████████░░░░░░░░░░░░░░░░░░░░░] 9/30
           Accuracy  : 93.13%  (+9.57%)
           F1 (macro): 0.9329  |  AUC: 0.852
           Time      : 1.8s  |  ETA: 42.0s

  Round 10/30  [██████████░░░░░░░░░░░░░░░░░░░░] 10/30
           Accuracy  : 92.51%  (-0.62%)
           F1 (macro): 0.8566  |  AUC: 0.8547
           Time      : 1.5s  |  ETA: 39.0s

  Round 11/30  [███████████░░░░░░░░░░░░░░░░░░░] 11/30
           Accuracy  : 86.74%  (-5.77%)
           F1 (macro): 0.8091  |  AUC: 0.8513
           Time      : 2.0s  |  ETA: 37.0s

  Round 12/30  [████████████░░░░░░░░░░░░░░░░░░] 12/30
           Accuracy  : 92.99%  (+6.25%)
           F1 (macro): 0.879  |  AUC: 0.9931
           Time      : 2.0s  |  ETA: 35.0s

  Round 13/30  [█████████████░░░░░░░░░░░░░░░░░] 13/30
           Accuracy  : 93.21%  (+0.22%)
           F1 (macro): 0.893  |  AUC: 0.8556
           Time      : 1.4s  |  ETA: 33.0s

  Round 14/30  [██████████████░░░░░░░░░░░░░░░░] 14/30
           Accuracy  : 89.97%  (-3.24%)
           F1 (macro): 0.8566  |  AUC: 0.9935
           Time      : 2.1s  |  ETA: 31.0s

  Round 15/30  [███████████████░░░░░░░░░░░░░░░] 15/30
           Accuracy  : 88.51%  (-1.46%)
           F1 (macro): 0.8326  |  AUC: 0.8529
           Time      : 1.7s  |  ETA: 29.0s

  Round 16/30  [████████████████░░░░░░░░░░░░░░] 16/30
           Accuracy  : 90.68%  (+2.17%)
           F1 (macro): 0.8639  |  AUC: 0.8522
           Time      : 1.5s  |  ETA: 26.0s

  Round 17/30  [█████████████████░░░░░░░░░░░░░] 17/30
           Accuracy  : 91.1%  (+0.41%)
           F1 (macro): 0.8486  |  AUC: 0.849
           Time      : 1.4s  |  ETA: 24.0s

  Round 18/30  [██████████████████░░░░░░░░░░░░] 18/30
           Accuracy  : 93.13%  (+2.04%)
           F1 (macro): 0.9003  |  AUC: 0.9964
           Time      : 1.7s  |  ETA: 22.0s

  Round 19/30  [███████████████████░░░░░░░░░░░] 19/30
           Accuracy  : 90.25%  (-2.88%)
           F1 (macro): 0.8203  |  AUC: 0.8521
           Time      : 1.7s  |  ETA: 20.0s

  Round 20/30  [████████████████████░░░░░░░░░░] 20/30
           Accuracy  : 90.83%  (+0.58%)
           F1 (macro): 0.8704  |  AUC: 0.9958
           Time      : 1.8s  |  ETA: 18.0s

  Round 21/30  [█████████████████████░░░░░░░░░] 21/30
           Accuracy  : 92.9%  (+2.06%)
           F1 (macro): 0.8897  |  AUC: 0.854
           Time      : 1.3s  |  ETA: 16.0s

  Round 22/30  [██████████████████████░░░░░░░░] 22/30
           Accuracy  : 91.05%  (-1.85%)
           F1 (macro): 0.8699  |  AUC: 0.9919
           Time      : 2.2s  |  ETA: 15.0s

  Round 23/30  [███████████████████████░░░░░░░] 23/30
           Accuracy  : 89.28%  (-1.78%)
           F1 (macro): 0.7832  |  AUC: 0.8529
           Time      : 2.1s  |  ETA: 13.0s

  Round 24/30  [████████████████████████░░░░░░] 24/30
           Accuracy  : 95.3%  (+6.02%)
           F1 (macro): 0.9285  |  AUC: 0.9983
           Time      : 2.2s  |  ETA: 11.0s

  Round 25/30  [█████████████████████████░░░░░] 25/30
           Accuracy  : 95.56%  (+0.27%)
           F1 (macro): 0.9142  |  AUC: 0.9975
           Time      : 1.9s  |  ETA: 9.0s

  Round 26/30  [██████████████████████████░░░░] 26/30
           Accuracy  : 95.43%  (-0.13%)
           F1 (macro): 0.9062  |  AUC: 0.8533
           Time      : 1.7s  |  ETA: 7.0s

  Round 27/30  [███████████████████████████░░░] 27/30
           Accuracy  : 91.86%  (-3.57%)
           F1 (macro): 0.8542  |  AUC: 0.855
           Time      : 2.0s  |  ETA: 6.0s

  Round 28/30  [████████████████████████████░░] 28/30
           Accuracy  : 91.31%  (-0.55%)
           F1 (macro): 0.8426  |  AUC: 0.8546
           Time      : 2.1s  |  ETA: 4.0s

  Round 29/30  [█████████████████████████████░] 29/30
           Accuracy  : 94.89%  (+3.58%)
           F1 (macro): 0.9129  |  AUC: 0.9977
           Time      : 2.1s  |  ETA: 2.0s

  Round 30/30  [██████████████████████████████] 30/30
           Accuracy  : 90.7%  (-4.19%)
           F1 (macro): 0.8444  |  AUC: 0.8542
           Time      : 1.7s  |  ETA: 0.0s

----------------------------------------------------------
  Done!  Best Acc: 95.56%  Best F1: 0.9329
  lambda=2.0  Total time: 56.0s
----------------------------------------------------------

  Plot saved: ditto_plots/ditto_alpha0.7_c10_lam2.0_seed42_curves.png
