  Round 01/30  [█░░░░░░░░░░░░░░░░░░░░░░░░░░░░░] 1/30
           Accuracy  : 43.31%  (+0.0%)
           F1 (macro): 0.1567  |  AUC: 0.2211
           Time      : 2.0s  |  ETA: 58.0s

  Round 02/30  [██░░░░░░░░░░░░░░░░░░░░░░░░░░░░] 2/30
           Accuracy  : 72.8%  (+29.49%)
           F1 (macro): 0.5062  |  AUC: 0.322
           Time      : 2.0s  |  ETA: 56.0s

  Round 03/30  [███░░░░░░░░░░░░░░░░░░░░░░░░░░░] 3/30
           Accuracy  : 70.17%  (-2.62%)
           F1 (macro): 0.5629  |  AUC: 0.3293
           Time      : 1.7s  |  ETA: 51.0s

  Round 04/30  [████░░░░░░░░░░░░░░░░░░░░░░░░░░] 4/30
           Accuracy  : 73.65%  (+3.48%)
           F1 (macro): 0.5706  |  AUC: 0.6234
           Time      : 2.0s  |  ETA: 50.0s

  Round 05/30  [█████░░░░░░░░░░░░░░░░░░░░░░░░░] 5/30
           Accuracy  : 45.56%  (-28.1%)
           F1 (macro): 0.4222  |  AUC: 0.3247
           Time      : 1.8s  |  ETA: 47.0s

  Round 06/30  [██████░░░░░░░░░░░░░░░░░░░░░░░░] 6/30
           Accuracy  : 67.83%  (+22.27%)
           F1 (macro): 0.4227  |  AUC: 0.3296
           Time      : 1.9s  |  ETA: 46.0s

  Round 07/30  [███████░░░░░░░░░░░░░░░░░░░░░░░] 7/30
           Accuracy  : 62.6%  (-5.23%)
           F1 (macro): 0.5213  |  AUC: 0.3296
           Time      : 2.0s  |  ETA: 44.0s

  Round 08/30  [████████░░░░░░░░░░░░░░░░░░░░░░] 8/30
           Accuracy  : 83.1%  (+20.5%)
           F1 (macro): 0.6133  |  AUC: 0.3257
           Time      : 2.0s  |  ETA: 42.0s

  Round 09/30  [█████████░░░░░░░░░░░░░░░░░░░░░] 9/30
           Accuracy  : 75.97%  (-7.13%)
           F1 (macro): 0.642  |  AUC: 0.3294
           Time      : 1.9s  |  ETA: 40.0s

  Round 10/30  [██████████░░░░░░░░░░░░░░░░░░░░] 10/30
           Accuracy  : 58.6%  (-17.37%)
           F1 (macro): 0.5724  |  AUC: 0.6551
           Time      : 1.8s  |  ETA: 38.0s

  Round 11/30  [███████████░░░░░░░░░░░░░░░░░░░] 11/30
           Accuracy  : 77.56%  (+18.96%)
           F1 (macro): 0.623  |  AUC: 0.332
           Time      : 2.0s  |  ETA: 36.0s

  Round 12/30  [████████████░░░░░░░░░░░░░░░░░░] 12/30
           Accuracy  : 88.87%  (+11.31%)
           F1 (macro): 0.8644  |  AUC: 0.3317
           Time      : 1.9s  |  ETA: 34.0s

  Round 13/30  [█████████████░░░░░░░░░░░░░░░░░] 13/30
           Accuracy  : 71.3%  (-17.57%)
           F1 (macro): 0.7157  |  AUC: 0.6469
           Time      : 2.0s  |  ETA: 33.0s

  Round 14/30  [██████████████░░░░░░░░░░░░░░░░] 14/30
           Accuracy  : 70.41%  (-0.88%)
           F1 (macro): 0.6528  |  AUC: 0.323
           Time      : 1.9s  |  ETA: 31.0s

  Round 15/30  [███████████████░░░░░░░░░░░░░░░] 15/30
           Accuracy  : 78.89%  (+8.48%)
           F1 (macro): 0.5737  |  AUC: 0.3254
           Time      : 2.0s  |  ETA: 29.0s

  Round 16/30  [████████████████░░░░░░░░░░░░░░] 16/30
           Accuracy  : 76.7%  (-2.19%)
           F1 (macro): 0.6604  |  AUC: 0.3272
           Time      : 1.9s  |  ETA: 27.0s

  Round 17/30  [█████████████████░░░░░░░░░░░░░] 17/30
           Accuracy  : 82.88%  (+6.18%)
           F1 (macro): 0.6745  |  AUC: 0.6441
           Time      : 1.8s  |  ETA: 25.0s

  Round 18/30  [██████████████████░░░░░░░░░░░░] 18/30
           Accuracy  : 72.91%  (-9.96%)
           F1 (macro): 0.6716  |  AUC: 0.6595
           Time      : 1.8s  |  ETA: 23.0s

  Round 19/30  [███████████████████░░░░░░░░░░░] 19/30
           Accuracy  : 81.92%  (+9.0%)
           F1 (macro): 0.5672  |  AUC: 0.3257
           Time      : 2.0s  |  ETA: 21.0s

  Round 20/30  [████████████████████░░░░░░░░░░] 20/30
           Accuracy  : 89.45%  (+7.53%)
           F1 (macro): 0.7317  |  AUC: 0.3318
           Time      : 2.0s  |  ETA: 19.0s

  Round 21/30  [█████████████████████░░░░░░░░░] 21/30
           Accuracy  : 74.27%  (-15.18%)
           F1 (macro): 0.6824  |  AUC: 0.3181
           Time      : 1.9s  |  ETA: 17.0s

  Round 22/30  [██████████████████████░░░░░░░░] 22/30
           Accuracy  : 58.01%  (-16.26%)
           F1 (macro): 0.5371  |  AUC: 0.3206
           Time      : 1.9s  |  ETA: 15.0s

  Round 23/30  [███████████████████████░░░░░░░] 23/30
           Accuracy  : 50.36%  (-7.64%)
           F1 (macro): 0.4741  |  AUC: 0.6506
           Time      : 1.8s  |  ETA: 13.0s

  Round 24/30  [████████████████████████░░░░░░] 24/30
           Accuracy  : 70.75%  (+20.38%)
           F1 (macro): 0.5482  |  AUC: 0.3306
           Time      : 2.0s  |  ETA: 11.0s

  Round 25/30  [█████████████████████████░░░░░] 25/30
           Accuracy  : 78.58%  (+7.83%)
           F1 (macro): 0.7023  |  AUC: 0.3301
           Time      : 1.7s  |  ETA: 10.0s

  Round 26/30  [██████████████████████████░░░░] 26/30
           Accuracy  : 85.02%  (+6.44%)
           F1 (macro): 0.6655  |  AUC: 0.3286
           Time      : 2.0s  |  ETA: 8.0s

  Round 27/30  [███████████████████████████░░░] 27/30
           Accuracy  : 67.59%  (-17.44%)
           F1 (macro): 0.528  |  AUC: 0.3224
           Time      : 1.8s  |  ETA: 6.0s

  Round 28/30  [████████████████████████████░░] 28/30
           Accuracy  : 67.69%  (+0.1%)
           F1 (macro): 0.5632  |  AUC: 0.6408
           Time      : 1.9s  |  ETA: 4.0s

  Round 29/30  [█████████████████████████████░] 29/30
           Accuracy  : 80.74%  (+13.05%)
           F1 (macro): 0.7348  |  AUC: 0.0
           Time      : 1.9s  |  ETA: 2.0s

  Round 30/30  [██████████████████████████████] 30/30
           Accuracy  : 85.4%  (+4.66%)
           F1 (macro): 0.7554  |  AUC: 0.6603
           Time      : 1.9s  |  ETA: 0.0s

----------------------------------------------------------
  Done!  Best Acc: 89.45%  Best F1: 0.8644
  lambda=2.0  Total time: 57.0s
----------------------------------------------------------

  Plot saved: ditto_plots/ditto_alpha0.3_c5_lam2.0_seed42_curves.png
