  Round 01/30  [█░░░░░░░░░░░░░░░░░░░░░░░░░░░░░] 1/30
           Accuracy  : 37.44%  (+0.0%)
           F1 (macro): 0.147  |  AUC: 0.5194
           Time      : 1.2s  |  ETA: 34.0s

  Round 02/30  [██░░░░░░░░░░░░░░░░░░░░░░░░░░░░] 2/30
           Accuracy  : 67.71%  (+30.27%)
           F1 (macro): 0.5709  |  AUC: 0.6158
           Time      : 1.9s  |  ETA: 43.0s

  Round 03/30  [███░░░░░░░░░░░░░░░░░░░░░░░░░░░] 3/30
           Accuracy  : 90.49%  (+22.79%)
           F1 (macro): 0.8114  |  AUC: 0.6624
           Time      : 1.9s  |  ETA: 45.0s

  Round 04/30  [████░░░░░░░░░░░░░░░░░░░░░░░░░░] 4/30
           Accuracy  : 82.36%  (-8.14%)
           F1 (macro): 0.7463  |  AUC: 0.9877
           Time      : 1.9s  |  ETA: 45.0s

  Round 05/30  [█████░░░░░░░░░░░░░░░░░░░░░░░░░] 5/30
           Accuracy  : 90.76%  (+8.4%)
           F1 (macro): 0.848  |  AUC: 0.6602
           Time      : 1.8s  |  ETA: 44.0s

  Round 06/30  [██████░░░░░░░░░░░░░░░░░░░░░░░░] 6/30
           Accuracy  : 91.19%  (+0.44%)
           F1 (macro): 0.8903  |  AUC: 0.994
           Time      : 2.0s  |  ETA: 43.0s

  Round 07/30  [███████░░░░░░░░░░░░░░░░░░░░░░░] 7/30
           Accuracy  : 86.0%  (-5.19%)
           F1 (macro): 0.7806  |  AUC: 0.6554
           Time      : 1.1s  |  ETA: 39.0s

  Round 08/30  [████████░░░░░░░░░░░░░░░░░░░░░░] 8/30
           Accuracy  : 92.4%  (+6.39%)
           F1 (macro): 0.8714  |  AUC: 0.6622
           Time      : 1.1s  |  ETA: 36.0s

  Round 09/30  [█████████░░░░░░░░░░░░░░░░░░░░░] 9/30
           Accuracy  : 85.7%  (-6.69%)
           F1 (macro): 0.8434  |  AUC: 0.9819
           Time      : 1.7s  |  ETA: 34.0s

  Round 10/30  [██████████░░░░░░░░░░░░░░░░░░░░] 10/30
           Accuracy  : 94.52%  (+8.82%)
           F1 (macro): 0.9358  |  AUC: 0.9954
           Time      : 1.9s  |  ETA: 33.0s

  Round 11/30  [███████████░░░░░░░░░░░░░░░░░░░] 11/30
           Accuracy  : 91.52%  (-3.0%)
           F1 (macro): 0.8913  |  AUC: 0.9945
           Time      : 1.7s  |  ETA: 32.0s

  Round 12/30  [████████████░░░░░░░░░░░░░░░░░░] 12/30
           Accuracy  : 83.89%  (-7.63%)
           F1 (macro): 0.7835  |  AUC: 0.6601
           Time      : 1.9s  |  ETA: 30.0s

  Round 13/30  [█████████████░░░░░░░░░░░░░░░░░] 13/30
           Accuracy  : 88.1%  (+4.21%)
           F1 (macro): 0.8901  |  AUC: 0.9811
           Time      : 1.9s  |  ETA: 29.0s

  Round 14/30  [██████████████░░░░░░░░░░░░░░░░] 14/30
           Accuracy  : 92.82%  (+4.72%)
           F1 (macro): 0.8854  |  AUC: 0.9899
           Time      : 1.7s  |  ETA: 27.0s

  Round 15/30  [███████████████░░░░░░░░░░░░░░░] 15/30
           Accuracy  : 86.47%  (-6.35%)
           F1 (macro): 0.7488  |  AUC: 0.657
           Time      : 1.1s  |  ETA: 25.0s

  Round 16/30  [████████████████░░░░░░░░░░░░░░] 16/30
           Accuracy  : 95.4%  (+8.93%)
           F1 (macro): 0.9254  |  AUC: 0.9987
           Time      : 1.9s  |  ETA: 24.0s

  Round 17/30  [█████████████████░░░░░░░░░░░░░] 17/30
           Accuracy  : 86.23%  (-9.17%)
           F1 (macro): 0.7953  |  AUC: 0.6573
           Time      : 1.9s  |  ETA: 22.0s

  Round 18/30  [██████████████████░░░░░░░░░░░░] 18/30
           Accuracy  : 95.98%  (+9.75%)
           F1 (macro): 0.9559  |  AUC: 0.9929
           Time      : 1.9s  |  ETA: 21.0s

  Round 19/30  [███████████████████░░░░░░░░░░░] 19/30
           Accuracy  : 87.85%  (-8.13%)
           F1 (macro): 0.8502  |  AUC: 0.6573
           Time      : 1.1s  |  ETA: 18.0s

  Round 20/30  [████████████████████░░░░░░░░░░] 20/30
           Accuracy  : 94.53%  (+6.67%)
           F1 (macro): 0.9202  |  AUC: 0.6643
           Time      : 1.9s  |  ETA: 17.0s

  Round 21/30  [█████████████████████░░░░░░░░░] 21/30
           Accuracy  : 89.23%  (-5.3%)
           F1 (macro): 0.7955  |  AUC: 0.6609
           Time      : 1.1s  |  ETA: 15.0s

  Round 22/30  [██████████████████████░░░░░░░░] 22/30
           Accuracy  : 93.36%  (+4.13%)
           F1 (macro): 0.9023  |  AUC: 0.9981
           Time      : 1.9s  |  ETA: 13.0s

  Round 23/30  [███████████████████████░░░░░░░] 23/30
           Accuracy  : 84.38%  (-8.98%)
           F1 (macro): 0.8005  |  AUC: 0.9842
           Time      : 1.9s  |  ETA: 12.0s

  Round 24/30  [████████████████████████░░░░░░] 24/30
           Accuracy  : 92.51%  (+8.13%)
           F1 (macro): 0.8721  |  AUC: 0.9939
           Time      : 1.8s  |  ETA: 10.0s

  Round 25/30  [█████████████████████████░░░░░] 25/30
           Accuracy  : 91.33%  (-1.18%)
           F1 (macro): 0.8319  |  AUC: 0.6621
           Time      : 1.9s  |  ETA: 9.0s

  Round 26/30  [██████████████████████████░░░░] 26/30
           Accuracy  : 94.36%  (+3.02%)
           F1 (macro): 0.9425  |  AUC: 0.6643
           Time      : 1.9s  |  ETA: 7.0s

  Round 27/30  [███████████████████████████░░░] 27/30
           Accuracy  : 92.26%  (-2.1%)
           F1 (macro): 0.8666  |  AUC: 0.6589
           Time      : 1.8s  |  ETA: 5.0s

  Round 28/30  [████████████████████████████░░] 28/30
           Accuracy  : 93.0%  (+0.74%)
           F1 (macro): 0.9237  |  AUC: 0.9954
           Time      : 1.9s  |  ETA: 3.0s

  Round 29/30  [█████████████████████████████░] 29/30
           Accuracy  : 96.0%  (+2.99%)
           F1 (macro): 0.8723  |  AUC: 0.6653
           Time      : 1.7s  |  ETA: 2.0s

  Round 30/30  [██████████████████████████████] 30/30
           Accuracy  : 82.33%  (-13.67%)
           F1 (macro): 0.7663  |  AUC: 0.9863
           Time      : 1.9s  |  ETA: 0.0s

----------------------------------------------------------
  Done!  Best Acc: 96.0%  Best F1: 0.9559
  Total time: 52.0s
----------------------------------------------------------

  Plot saved: fedavg_plots/fedavg_alpha0.7_c5_seed42_curves.png
