  Round 01/30  [█░░░░░░░░░░░░░░░░░░░░░░░░░░░░░] 1/30
           Accuracy  : 43.31%  (+0.0%)
           F1 (macro): 0.1567  |  AUC: 0.2328
           Time      : 1.9s  |  ETA: 56.0s

  Round 02/30  [██░░░░░░░░░░░░░░░░░░░░░░░░░░░░] 2/30
           Accuracy  : 76.09%  (+32.79%)
           F1 (macro): 0.5332  |  AUC: 0.3323
           Time      : 1.9s  |  ETA: 53.0s

  Round 03/30  [███░░░░░░░░░░░░░░░░░░░░░░░░░░░] 3/30
           Accuracy  : 73.55%  (-2.54%)
           F1 (macro): 0.5779  |  AUC: 0.327
           Time      : 1.6s  |  ETA: 49.0s

  Round 04/30  [████░░░░░░░░░░░░░░░░░░░░░░░░░░] 4/30
           Accuracy  : 81.34%  (+7.79%)
           F1 (macro): 0.648  |  AUC: 0.6512
           Time      : 1.9s  |  ETA: 48.0s

  Round 05/30  [█████░░░░░░░░░░░░░░░░░░░░░░░░░] 5/30
           Accuracy  : 62.07%  (-19.27%)
           F1 (macro): 0.5529  |  AUC: 0.3303
           Time      : 1.7s  |  ETA: 45.0s

  Round 06/30  [██████░░░░░░░░░░░░░░░░░░░░░░░░] 6/30
           Accuracy  : 68.58%  (+6.51%)
           F1 (macro): 0.4196  |  AUC: 0.3131
           Time      : 1.8s  |  ETA: 43.0s

  Round 07/30  [███████░░░░░░░░░░░░░░░░░░░░░░░] 7/30
           Accuracy  : 73.58%  (+5.0%)
           F1 (macro): 0.5434  |  AUC: 0.3309
           Time      : 1.9s  |  ETA: 42.0s

  Round 08/30  [████████░░░░░░░░░░░░░░░░░░░░░░] 8/30
           Accuracy  : 85.65%  (+12.08%)
           F1 (macro): 0.6572  |  AUC: 0.3248
           Time      : 1.9s  |  ETA: 40.0s

  Round 09/30  [█████████░░░░░░░░░░░░░░░░░░░░░] 9/30
           Accuracy  : 79.78%  (-5.87%)
           F1 (macro): 0.6554  |  AUC: 0.3269
           Time      : 1.8s  |  ETA: 38.0s

  Round 10/30  [██████████░░░░░░░░░░░░░░░░░░░░] 10/30
           Accuracy  : 69.99%  (-9.8%)
           F1 (macro): 0.578  |  AUC: 0.6529
           Time      : 1.7s  |  ETA: 36.0s

  Round 11/30  [███████████░░░░░░░░░░░░░░░░░░░] 11/30
           Accuracy  : 80.05%  (+10.06%)
           F1 (macro): 0.6404  |  AUC: 0.331
           Time      : 1.9s  |  ETA: 35.0s

  Round 12/30  [████████████░░░░░░░░░░░░░░░░░░] 12/30
           Accuracy  : 90.83%  (+10.78%)
           F1 (macro): 0.8166  |  AUC: 0.3278
           Time      : 1.9s  |  ETA: 33.0s

  Round 13/30  [█████████████░░░░░░░░░░░░░░░░░] 13/30
           Accuracy  : 69.42%  (-21.4%)
           F1 (macro): 0.6863  |  AUC: 0.6518
           Time      : 1.9s  |  ETA: 31.0s

  Round 14/30  [██████████████░░░░░░░░░░░░░░░░] 14/30
           Accuracy  : 68.98%  (-0.45%)
           F1 (macro): 0.6403  |  AUC: 0.3185
           Time      : 1.9s  |  ETA: 29.0s

  Round 15/30  [███████████████░░░░░░░░░░░░░░░] 15/30
           Accuracy  : 88.35%  (+19.38%)
           F1 (macro): 0.6721  |  AUC: 0.3204
           Time      : 1.9s  |  ETA: 28.0s

  Round 16/30  [████████████████░░░░░░░░░░░░░░] 16/30
           Accuracy  : 68.66%  (-19.69%)
           F1 (macro): 0.652  |  AUC: 0.3291
           Time      : 1.8s  |  ETA: 26.0s

  Round 17/30  [█████████████████░░░░░░░░░░░░░] 17/30
           Accuracy  : 79.79%  (+11.13%)
           F1 (macro): 0.674  |  AUC: 0.6482
           Time      : 1.7s  |  ETA: 24.0s

  Round 18/30  [██████████████████░░░░░░░░░░░░] 18/30
           Accuracy  : 77.8%  (-1.99%)
           F1 (macro): 0.7315  |  AUC: 0.6564
           Time      : 1.7s  |  ETA: 22.0s

  Round 19/30  [███████████████████░░░░░░░░░░░] 19/30
           Accuracy  : 84.46%  (+6.66%)
           F1 (macro): 0.6888  |  AUC: 0.3296
           Time      : 1.9s  |  ETA: 20.0s

  Round 20/30  [████████████████████░░░░░░░░░░] 20/30
           Accuracy  : 88.57%  (+4.11%)
           F1 (macro): 0.6844  |  AUC: 0.3288
           Time      : 1.9s  |  ETA: 18.0s

  Round 21/30  [█████████████████████░░░░░░░░░] 21/30
           Accuracy  : 76.16%  (-12.4%)
           F1 (macro): 0.7408  |  AUC: 0.3183
           Time      : 1.9s  |  ETA: 16.0s

  Round 22/30  [██████████████████████░░░░░░░░] 22/30
           Accuracy  : 61.68%  (-14.48%)
           F1 (macro): 0.544  |  AUC: 0.3274
           Time      : 1.8s  |  ETA: 15.0s

  Round 23/30  [███████████████████████░░░░░░░] 23/30
           Accuracy  : 63.13%  (+1.45%)
           F1 (macro): 0.5931  |  AUC: 0.6492
           Time      : 1.7s  |  ETA: 13.0s

  Round 24/30  [████████████████████████░░░░░░] 24/30
           Accuracy  : 75.19%  (+12.06%)
           F1 (macro): 0.5683  |  AUC: 0.33
           Time      : 1.9s  |  ETA: 11.0s

  Round 25/30  [█████████████████████████░░░░░] 25/30
           Accuracy  : 78.88%  (+3.69%)
           F1 (macro): 0.7441  |  AUC: 0.3265
           Time      : 1.7s  |  ETA: 9.0s

  Round 26/30  [██████████████████████████░░░░] 26/30
           Accuracy  : 89.53%  (+10.65%)
           F1 (macro): 0.7347  |  AUC: 0.3288
           Time      : 1.9s  |  ETA: 7.0s

  Round 27/30  [███████████████████████████░░░] 27/30
           Accuracy  : 64.54%  (-24.99%)
           F1 (macro): 0.4743  |  AUC: 0.3166
           Time      : 1.7s  |  ETA: 5.0s

  Round 28/30  [████████████████████████████░░] 28/30
           Accuracy  : 73.18%  (+8.64%)
           F1 (macro): 0.7264  |  AUC: 0.6572
           Time      : 1.9s  |  ETA: 4.0s

  Round 29/30  [█████████████████████████████░] 29/30
           Accuracy  : 81.32%  (+8.14%)
           F1 (macro): 0.7676  |  AUC: 0.0
           Time      : 1.8s  |  ETA: 2.0s

  Round 30/30  [██████████████████████████████] 30/30
           Accuracy  : 83.37%  (+2.05%)
           F1 (macro): 0.7401  |  AUC: 0.6542
           Time      : 1.9s  |  ETA: 0.0s

----------------------------------------------------------
  Done!  Best Acc: 90.83%  Best F1: 0.8166
  Total time: 55.0s
----------------------------------------------------------

  Plot saved: fedavg_plots/fedavg_alpha0.3_c5_seed42_curves.png
