  Round 01/30  [█░░░░░░░░░░░░░░░░░░░░░░░░░░░░░] 1/30
           Accuracy  : 33.19%  (+0.0%)
           F1 (macro): 0.1055  |  AUC: 0.4931
           Time      : 1.2s  |  ETA: 34.0s

  Round 02/30  [██░░░░░░░░░░░░░░░░░░░░░░░░░░░░] 2/30
           Accuracy  : 62.42%  (+29.23%)
           F1 (macro): 0.5368  |  AUC: 0.6348
           Time      : 1.9s  |  ETA: 43.0s

  Round 03/30  [███░░░░░░░░░░░░░░░░░░░░░░░░░░░] 3/30
           Accuracy  : 87.15%  (+24.73%)
           F1 (macro): 0.7858  |  AUC: 0.6606
           Time      : 1.9s  |  ETA: 45.0s

  Round 04/30  [████░░░░░░░░░░░░░░░░░░░░░░░░░░] 4/30
           Accuracy  : 84.86%  (-2.29%)
           F1 (macro): 0.7825  |  AUC: 0.9784
           Time      : 1.9s  |  ETA: 45.0s

  Round 05/30  [█████░░░░░░░░░░░░░░░░░░░░░░░░░] 5/30
           Accuracy  : 89.45%  (+4.59%)
           F1 (macro): 0.8239  |  AUC: 0.6636
           Time      : 1.8s  |  ETA: 44.0s

  Round 06/30  [██████░░░░░░░░░░░░░░░░░░░░░░░░] 6/30
           Accuracy  : 88.76%  (-0.69%)
           F1 (macro): 0.8384  |  AUC: 0.991
           Time      : 2.0s  |  ETA: 43.0s

  Round 07/30  [███████░░░░░░░░░░░░░░░░░░░░░░░] 7/30
           Accuracy  : 88.31%  (-0.45%)
           F1 (macro): 0.8062  |  AUC: 0.6613
           Time      : 1.1s  |  ETA: 39.0s

  Round 08/30  [████████░░░░░░░░░░░░░░░░░░░░░░] 8/30
           Accuracy  : 87.44%  (-0.87%)
           F1 (macro): 0.7775  |  AUC: 0.6633
           Time      : 1.1s  |  ETA: 36.0s

  Round 09/30  [█████████░░░░░░░░░░░░░░░░░░░░░] 9/30
           Accuracy  : 88.21%  (+0.77%)
           F1 (macro): 0.8163  |  AUC: 0.9917
           Time      : 1.8s  |  ETA: 34.0s

  Round 10/30  [██████████░░░░░░░░░░░░░░░░░░░░] 10/30
           Accuracy  : 93.52%  (+5.31%)
           F1 (macro): 0.9131  |  AUC: 0.9915
           Time      : 1.9s  |  ETA: 33.0s

  Round 11/30  [███████████░░░░░░░░░░░░░░░░░░░] 11/30
           Accuracy  : 92.54%  (-0.99%)
           F1 (macro): 0.8925  |  AUC: 0.9942
           Time      : 1.7s  |  ETA: 32.0s

  Round 12/30  [████████████░░░░░░░░░░░░░░░░░░] 12/30
           Accuracy  : 87.72%  (-4.81%)
           F1 (macro): 0.8077  |  AUC: 0.6625
           Time      : 1.9s  |  ETA: 30.0s

  Round 13/30  [█████████████░░░░░░░░░░░░░░░░░] 13/30
           Accuracy  : 87.26%  (-0.46%)
           F1 (macro): 0.8141  |  AUC: 0.9914
           Time      : 1.9s  |  ETA: 29.0s

  Round 14/30  [██████████████░░░░░░░░░░░░░░░░] 14/30
           Accuracy  : 93.41%  (+6.15%)
           F1 (macro): 0.8979  |  AUC: 0.9957
           Time      : 1.7s  |  ETA: 27.0s

  Round 15/30  [███████████████░░░░░░░░░░░░░░░] 15/30
           Accuracy  : 90.69%  (-2.72%)
           F1 (macro): 0.8033  |  AUC: 0.662
           Time      : 1.1s  |  ETA: 25.0s

  Round 16/30  [████████████████░░░░░░░░░░░░░░] 16/30
           Accuracy  : 95.53%  (+4.84%)
           F1 (macro): 0.9233  |  AUC: 0.9983
           Time      : 1.9s  |  ETA: 24.0s

  Round 17/30  [█████████████████░░░░░░░░░░░░░] 17/30
           Accuracy  : 87.16%  (-8.37%)
           F1 (macro): 0.7849  |  AUC: 0.6584
           Time      : 1.9s  |  ETA: 22.0s

  Round 18/30  [██████████████████░░░░░░░░░░░░] 18/30
           Accuracy  : 94.81%  (+7.65%)
           F1 (macro): 0.945  |  AUC: 0.9965
           Time      : 1.9s  |  ETA: 21.0s

  Round 19/30  [███████████████████░░░░░░░░░░░] 19/30
           Accuracy  : 90.25%  (-4.56%)
           F1 (macro): 0.8281  |  AUC: 0.6596
           Time      : 1.1s  |  ETA: 18.0s

  Round 20/30  [████████████████████░░░░░░░░░░] 20/30
           Accuracy  : 92.84%  (+2.59%)
           F1 (macro): 0.8989  |  AUC: 0.6649
           Time      : 1.9s  |  ETA: 17.0s

  Round 21/30  [█████████████████████░░░░░░░░░] 21/30
           Accuracy  : 90.63%  (-2.21%)
           F1 (macro): 0.8002  |  AUC: 0.6601
           Time      : 1.1s  |  ETA: 15.0s

  Round 22/30  [██████████████████████░░░░░░░░] 22/30
           Accuracy  : 94.46%  (+3.83%)
           F1 (macro): 0.9218  |  AUC: 0.9968
           Time      : 1.9s  |  ETA: 13.0s

  Round 23/30  [███████████████████████░░░░░░░] 23/30
           Accuracy  : 87.57%  (-6.89%)
           F1 (macro): 0.8287  |  AUC: 0.9949
           Time      : 1.9s  |  ETA: 12.0s

  Round 24/30  [████████████████████████░░░░░░] 24/30
           Accuracy  : 92.66%  (+5.08%)
           F1 (macro): 0.904  |  AUC: 0.9919
           Time      : 1.8s  |  ETA: 10.0s

  Round 25/30  [█████████████████████████░░░░░] 25/30
           Accuracy  : 92.51%  (-0.15%)
           F1 (macro): 0.8366  |  AUC: 0.6626
           Time      : 1.9s  |  ETA: 8.0s

  Round 26/30  [██████████████████████████░░░░] 26/30
           Accuracy  : 92.25%  (-0.26%)
           F1 (macro): 0.925  |  AUC: 0.6655
           Time      : 1.9s  |  ETA: 7.0s

  Round 27/30  [███████████████████████████░░░] 27/30
           Accuracy  : 91.02%  (-1.23%)
           F1 (macro): 0.8771  |  AUC: 0.662
           Time      : 1.8s  |  ETA: 5.0s

  Round 28/30  [████████████████████████████░░] 28/30
           Accuracy  : 94.46%  (+3.45%)
           F1 (macro): 0.8998  |  AUC: 0.9958
           Time      : 1.9s  |  ETA: 3.0s

  Round 29/30  [█████████████████████████████░] 29/30
           Accuracy  : 96.1%  (+1.64%)
           F1 (macro): 0.9269  |  AUC: 0.6656
           Time      : 1.7s  |  ETA: 2.0s

  Round 30/30  [██████████████████████████████] 30/30
           Accuracy  : 91.89%  (-4.21%)
           F1 (macro): 0.896  |  AUC: 0.9898
           Time      : 2.0s  |  ETA: 0.0s

----------------------------------------------------------
  Done!  Best Acc: 96.1%  Best F1: 0.945
  mu=0.001  Total time: 52.0s
----------------------------------------------------------

  Plot saved: fedprox_plots/fedprox_alpha0.7_c5_mu0.001_seed42_curves.png
