  Round 01/30  [█░░░░░░░░░░░░░░░░░░░░░░░░░░░░░] 1/30
           Accuracy  : 43.31%  (+0.0%)
           F1 (macro): 0.1567  |  AUC: 0.2186
           Time      : 1.9s  |  ETA: 56.0s

  Round 02/30  [██░░░░░░░░░░░░░░░░░░░░░░░░░░░░] 2/30
           Accuracy  : 70.33%  (+27.02%)
           F1 (macro): 0.4839  |  AUC: 0.3168
           Time      : 1.9s  |  ETA: 54.0s

  Round 03/30  [███░░░░░░░░░░░░░░░░░░░░░░░░░░░] 3/30
           Accuracy  : 71.31%  (+0.98%)
           F1 (macro): 0.4915  |  AUC: 0.3303
           Time      : 1.6s  |  ETA: 49.0s

  Round 04/30  [████░░░░░░░░░░░░░░░░░░░░░░░░░░] 4/30
           Accuracy  : 72.34%  (+1.03%)
           F1 (macro): 0.5802  |  AUC: 0.6406
           Time      : 1.9s  |  ETA: 48.0s

  Round 05/30  [█████░░░░░░░░░░░░░░░░░░░░░░░░░] 5/30
           Accuracy  : 57.84%  (-14.5%)
           F1 (macro): 0.5042  |  AUC: 0.3296
           Time      : 1.7s  |  ETA: 45.0s

  Round 06/30  [██████░░░░░░░░░░░░░░░░░░░░░░░░] 6/30
           Accuracy  : 78.42%  (+20.58%)
           F1 (macro): 0.452  |  AUC: 0.3289
           Time      : 1.9s  |  ETA: 44.0s

  Round 07/30  [███████░░░░░░░░░░░░░░░░░░░░░░░] 7/30
           Accuracy  : 64.5%  (-13.91%)
           F1 (macro): 0.5416  |  AUC: 0.3297
           Time      : 1.9s  |  ETA: 42.0s

  Round 08/30  [████████░░░░░░░░░░░░░░░░░░░░░░] 8/30
           Accuracy  : 83.55%  (+19.05%)
           F1 (macro): 0.6228  |  AUC: 0.3224
           Time      : 1.9s  |  ETA: 40.0s

  Round 09/30  [█████████░░░░░░░░░░░░░░░░░░░░░] 9/30
           Accuracy  : 80.62%  (-2.93%)
           F1 (macro): 0.6264  |  AUC: 0.3292
           Time      : 1.9s  |  ETA: 39.0s

  Round 10/30  [██████████░░░░░░░░░░░░░░░░░░░░] 10/30
           Accuracy  : 63.06%  (-17.57%)
           F1 (macro): 0.5986  |  AUC: 0.6468
           Time      : 1.7s  |  ETA: 36.0s

  Round 11/30  [███████████░░░░░░░░░░░░░░░░░░░] 11/30
           Accuracy  : 69.66%  (+6.6%)
           F1 (macro): 0.6172  |  AUC: 0.3315
           Time      : 1.9s  |  ETA: 35.0s

  Round 12/30  [████████████░░░░░░░░░░░░░░░░░░] 12/30
           Accuracy  : 83.86%  (+14.2%)
           F1 (macro): 0.6396  |  AUC: 0.3262
           Time      : 1.9s  |  ETA: 33.0s

  Round 13/30  [█████████████░░░░░░░░░░░░░░░░░] 13/30
           Accuracy  : 65.18%  (-18.68%)
           F1 (macro): 0.6458  |  AUC: 0.6512
           Time      : 1.9s  |  ETA: 31.0s

  Round 14/30  [██████████████░░░░░░░░░░░░░░░░] 14/30
           Accuracy  : 59.63%  (-5.55%)
           F1 (macro): 0.5082  |  AUC: 0.3253
           Time      : 1.9s  |  ETA: 29.0s

  Round 15/30  [███████████████░░░░░░░░░░░░░░░] 15/30
           Accuracy  : 88.14%  (+28.5%)
           F1 (macro): 0.7296  |  AUC: 0.3313
           Time      : 1.9s  |  ETA: 28.0s

  Round 16/30  [████████████████░░░░░░░░░░░░░░] 16/30
           Accuracy  : 86.27%  (-1.86%)
           F1 (macro): 0.6811  |  AUC: 0.3305
           Time      : 1.8s  |  ETA: 26.0s

  Round 17/30  [█████████████████░░░░░░░░░░░░░] 17/30
           Accuracy  : 78.77%  (-7.51%)
           F1 (macro): 0.6963  |  AUC: 0.6591
           Time      : 1.7s  |  ETA: 24.0s

  Round 18/30  [██████████████████░░░░░░░░░░░░] 18/30
           Accuracy  : 80.67%  (+1.9%)
           F1 (macro): 0.7245  |  AUC: 0.6551
           Time      : 1.7s  |  ETA: 22.0s

  Round 19/30  [███████████████████░░░░░░░░░░░] 19/30
           Accuracy  : 87.33%  (+6.66%)
           F1 (macro): 0.7085  |  AUC: 0.3311
           Time      : 1.9s  |  ETA: 20.0s

  Round 20/30  [████████████████████░░░░░░░░░░] 20/30
           Accuracy  : 90.39%  (+3.06%)
           F1 (macro): 0.7561  |  AUC: 0.3321
           Time      : 1.9s  |  ETA: 18.0s

  Round 21/30  [█████████████████████░░░░░░░░░] 21/30
           Accuracy  : 78.73%  (-11.67%)
           F1 (macro): 0.7896  |  AUC: 0.3249
           Time      : 1.8s  |  ETA: 16.0s

  Round 22/30  [██████████████████████░░░░░░░░] 22/30
           Accuracy  : 50.6%  (-28.12%)
           F1 (macro): 0.5033  |  AUC: 0.3255
           Time      : 1.9s  |  ETA: 15.0s

  Round 23/30  [███████████████████████░░░░░░░] 23/30
           Accuracy  : 52.59%  (+1.99%)
           F1 (macro): 0.4721  |  AUC: 0.653
           Time      : 1.7s  |  ETA: 13.0s

  Round 24/30  [████████████████████████░░░░░░] 24/30
           Accuracy  : 76.08%  (+23.49%)
           F1 (macro): 0.6034  |  AUC: 0.33
           Time      : 1.9s  |  ETA: 11.0s

  Round 25/30  [█████████████████████████░░░░░] 25/30
           Accuracy  : 89.42%  (+13.34%)
           F1 (macro): 0.7633  |  AUC: 0.3312
           Time      : 1.6s  |  ETA: 9.0s

  Round 26/30  [██████████████████████████░░░░] 26/30
           Accuracy  : 87.27%  (-2.15%)
           F1 (macro): 0.7222  |  AUC: 0.3291
           Time      : 1.9s  |  ETA: 7.0s

  Round 27/30  [███████████████████████████░░░] 27/30
           Accuracy  : 63.74%  (-23.53%)
           F1 (macro): 0.4938  |  AUC: 0.321
           Time      : 1.7s  |  ETA: 5.0s

  Round 28/30  [████████████████████████████░░] 28/30
           Accuracy  : 76.05%  (+12.31%)
           F1 (macro): 0.7372  |  AUC: 0.6543
           Time      : 1.9s  |  ETA: 4.0s

  Round 29/30  [█████████████████████████████░] 29/30
           Accuracy  : 83.0%  (+6.95%)
           F1 (macro): 0.8003  |  AUC: 0.0
           Time      : 1.9s  |  ETA: 2.0s

  Round 30/30  [██████████████████████████████] 30/30
           Accuracy  : 88.12%  (+5.12%)
           F1 (macro): 0.8068  |  AUC: 0.6599
           Time      : 1.9s  |  ETA: 0.0s

----------------------------------------------------------
  Done!  Best Acc: 90.39%  Best F1: 0.8068
  mu=0.001  Total time: 55.0s
----------------------------------------------------------

  Plot saved: fedprox_plots/fedprox_alpha0.3_c5_mu0.001_seed42_curves.png
