  Round 01/30  [█░░░░░░░░░░░░░░░░░░░░░░░░░░░░░] 1/30
           Accuracy  : 30.77%  (+0.0%)
           F1 (macro): 0.1105  |  AUC: 0.08
           Time      : 1.5s  |  ETA: 44.0s

  Round 02/30  [██░░░░░░░░░░░░░░░░░░░░░░░░░░░░] 2/30
           Accuracy  : 35.71%  (+4.93%)
           F1 (macro): 0.1329  |  AUC: 0.1123
           Time      : 1.6s  |  ETA: 43.0s

  Round 03/30  [███░░░░░░░░░░░░░░░░░░░░░░░░░░░] 3/30
           Accuracy  : 50.01%  (+14.31%)
           F1 (macro): 0.309  |  AUC: 0.0
           Time      : 2.0s  |  ETA: 46.0s

  Round 04/30  [████░░░░░░░░░░░░░░░░░░░░░░░░░░] 4/30
           Accuracy  : 33.07%  (-16.94%)
           F1 (macro): 0.2163  |  AUC: 0.1302
           Time      : 2.0s  |  ETA: 46.0s

  Round 05/30  [█████░░░░░░░░░░░░░░░░░░░░░░░░░] 5/30
           Accuracy  : 55.52%  (+22.45%)
           F1 (macro): 0.4633  |  AUC: 0.0
           Time      : 1.8s  |  ETA: 44.0s

  Round 06/30  [██████░░░░░░░░░░░░░░░░░░░░░░░░] 6/30
           Accuracy  : 71.96%  (+16.43%)
           F1 (macro): 0.5385  |  AUC: 0.1382
           Time      : 1.5s  |  ETA: 41.0s

  Round 07/30  [███████░░░░░░░░░░░░░░░░░░░░░░░] 7/30
           Accuracy  : 70.43%  (-1.53%)
           F1 (macro): 0.4895  |  AUC: 0.0
           Time      : 1.8s  |  ETA: 40.0s

  Round 08/30  [████████░░░░░░░░░░░░░░░░░░░░░░] 8/30
           Accuracy  : 67.1%  (-3.33%)
           F1 (macro): 0.5025  |  AUC: 0.1403
           Time      : 1.9s  |  ETA: 39.0s

  Round 09/30  [█████████░░░░░░░░░░░░░░░░░░░░░] 9/30
           Accuracy  : 77.48%  (+10.39%)
           F1 (macro): 0.5561  |  AUC: 0.1398
           Time      : 1.7s  |  ETA: 37.0s

  Round 10/30  [██████████░░░░░░░░░░░░░░░░░░░░] 10/30
           Accuracy  : 52.43%  (-25.05%)
           F1 (macro): 0.4175  |  AUC: 0.1302
           Time      : 1.7s  |  ETA: 35.0s

  Round 11/30  [███████████░░░░░░░░░░░░░░░░░░░] 11/30
           Accuracy  : 79.78%  (+27.34%)
           F1 (macro): 0.664  |  AUC: 0.0
           Time      : 1.7s  |  ETA: 33.0s

  Round 12/30  [████████████░░░░░░░░░░░░░░░░░░] 12/30
           Accuracy  : 85.7%  (+5.92%)
           F1 (macro): 0.6651  |  AUC: 0.1408
           Time      : 1.6s  |  ETA: 31.0s

  Round 13/30  [█████████████░░░░░░░░░░░░░░░░░] 13/30
           Accuracy  : 72.99%  (-12.71%)
           F1 (macro): 0.6796  |  AUC: 0.1386
           Time      : 1.4s  |  ETA: 29.0s

  Round 14/30  [██████████████░░░░░░░░░░░░░░░░] 14/30
           Accuracy  : 69.13%  (-3.85%)
           F1 (macro): 0.5081  |  AUC: 0.1382
           Time      : 1.6s  |  ETA: 27.0s

  Round 15/30  [███████████████░░░░░░░░░░░░░░░] 15/30
           Accuracy  : 69.71%  (+0.57%)
           F1 (macro): 0.4844  |  AUC: 0.0
           Time      : 1.5s  |  ETA: 25.0s

  Round 16/30  [████████████████░░░░░░░░░░░░░░] 16/30
           Accuracy  : 73.84%  (+4.13%)
           F1 (macro): 0.5914  |  AUC: 0.1405
           Time      : 2.1s  |  ETA: 24.0s

  Round 17/30  [█████████████████░░░░░░░░░░░░░] 17/30
           Accuracy  : 78.18%  (+4.34%)
           F1 (macro): 0.6366  |  AUC: 0.1418
           Time      : 1.5s  |  ETA: 22.0s

  Round 18/30  [██████████████████░░░░░░░░░░░░] 18/30
           Accuracy  : 80.64%  (+2.46%)
           F1 (macro): 0.5899  |  AUC: 0.1425
           Time      : 1.1s  |  ETA: 20.0s

  Round 19/30  [███████████████████░░░░░░░░░░░] 19/30
           Accuracy  : 70.26%  (-10.38%)
           F1 (macro): 0.5456  |  AUC: 0.0
           Time      : 1.7s  |  ETA: 18.0s

  Round 20/30  [████████████████████░░░░░░░░░░] 20/30
           Accuracy  : 74.83%  (+4.57%)
           F1 (macro): 0.5952  |  AUC: 0.1425
           Time      : 1.4s  |  ETA: 17.0s

  Round 21/30  [█████████████████████░░░░░░░░░] 21/30
           Accuracy  : 84.22%  (+9.39%)
           F1 (macro): 0.6889  |  AUC: 0.1418
           Time      : 1.5s  |  ETA: 15.0s

  Round 22/30  [██████████████████████░░░░░░░░] 22/30
           Accuracy  : 87.86%  (+3.64%)
           F1 (macro): 0.6511  |  AUC: 0.1421
           Time      : 1.6s  |  ETA: 13.0s

  Round 23/30  [███████████████████████░░░░░░░] 23/30
           Accuracy  : 76.64%  (-11.21%)
           F1 (macro): 0.6265  |  AUC: 0.0
           Time      : 1.8s  |  ETA: 12.0s

  Round 24/30  [████████████████████████░░░░░░] 24/30
           Accuracy  : 73.57%  (-3.07%)
           F1 (macro): 0.6298  |  AUC: 0.1372
           Time      : 1.2s  |  ETA: 10.0s

  Round 25/30  [█████████████████████████░░░░░] 25/30
           Accuracy  : 67.07%  (-6.5%)
           F1 (macro): 0.5519  |  AUC: 0.1414
           Time      : 1.7s  |  ETA: 8.0s

  Round 26/30  [██████████████████████████░░░░] 26/30
           Accuracy  : 66.01%  (-1.06%)
           F1 (macro): 0.4883  |  AUC: 0.0
           Time      : 1.6s  |  ETA: 7.0s

  Round 27/30  [███████████████████████████░░░] 27/30
           Accuracy  : 76.49%  (+10.48%)
           F1 (macro): 0.6516  |  AUC: 0.1397
           Time      : 1.6s  |  ETA: 5.0s

  Round 28/30  [████████████████████████████░░] 28/30
           Accuracy  : 69.43%  (-7.06%)
           F1 (macro): 0.5891  |  AUC: 0.1302
           Time      : 1.6s  |  ETA: 3.0s

  Round 29/30  [█████████████████████████████░] 29/30
           Accuracy  : 81.77%  (+12.34%)
           F1 (macro): 0.5677  |  AUC: 0.1423
           Time      : 1.4s  |  ETA: 2.0s

  Round 30/30  [██████████████████████████████] 30/30
           Accuracy  : 81.41%  (-0.37%)
           F1 (macro): 0.6129  |  AUC: 0.0
           Time      : 2.0s  |  ETA: 0.0s

----------------------------------------------------------
  Done!  Best Acc: 87.86%  Best F1: 0.6889
  alpha_inner=0.0005  Total time: 49.0s
----------------------------------------------------------

  Plot saved: perfedavg_plots/perfedavg_alpha0.3_c10_ai0.0005_seed42_curves.png
  Checkpoint: perfedavg_checkpoints/perfedavg_alpha0.3_c10_ai0.0005_seed42_best.pth
