  Round 01/30  [█░░░░░░░░░░░░░░░░░░░░░░░░░░░░░] 1/30
           Accuracy  : 35.4%  (+0.0%)
           F1 (macro): 0.2465  |  AUC: 0.5394
           Time      : 2.1s  |  ETA: 62.0s

  Round 02/30  [██░░░░░░░░░░░░░░░░░░░░░░░░░░░░] 2/30
           Accuracy  : 46.46%  (+11.06%)
           F1 (macro): 0.3883  |  AUC: 0.7604
           Time      : 1.9s  |  ETA: 56.0s

  Round 03/30  [███░░░░░░░░░░░░░░░░░░░░░░░░░░░] 3/30
           Accuracy  : 63.67%  (+17.21%)
           F1 (macro): 0.5692  |  AUC: 0.8255
           Time      : 2.0s  |  ETA: 55.0s

  Round 04/30  [████░░░░░░░░░░░░░░░░░░░░░░░░░░] 4/30
           Accuracy  : 72.53%  (+8.85%)
           F1 (macro): 0.6556  |  AUC: 0.8323
           Time      : 2.1s  |  ETA: 53.0s

  Round 05/30  [█████░░░░░░░░░░░░░░░░░░░░░░░░░] 5/30
           Accuracy  : 86.79%  (+14.27%)
           F1 (macro): 0.7479  |  AUC: 0.8447
           Time      : 1.4s  |  ETA: 48.0s

  Round 06/30  [██████░░░░░░░░░░░░░░░░░░░░░░░░] 6/30
           Accuracy  : 80.19%  (-6.6%)
           F1 (macro): 0.7075  |  AUC: 0.9854
           Time      : 1.3s  |  ETA: 43.0s

  Round 07/30  [███████░░░░░░░░░░░░░░░░░░░░░░░] 7/30
           Accuracy  : 88.12%  (+7.93%)
           F1 (macro): 0.841  |  AUC: 0.9877
           Time      : 2.5s  |  ETA: 44.0s

  Round 08/30  [████████░░░░░░░░░░░░░░░░░░░░░░] 8/30
           Accuracy  : 83.1%  (-5.02%)
           F1 (macro): 0.7989  |  AUC: 0.8389
           Time      : 1.5s  |  ETA: 41.0s

  Round 09/30  [█████████░░░░░░░░░░░░░░░░░░░░░] 9/30
           Accuracy  : 87.68%  (+4.58%)
           F1 (macro): 0.8246  |  AUC: 0.8483
           Time      : 1.5s  |  ETA: 38.0s

  Round 10/30  [██████████░░░░░░░░░░░░░░░░░░░░] 10/30
           Accuracy  : 87.51%  (-0.17%)
           F1 (macro): 0.807  |  AUC: 0.8511
           Time      : 1.3s  |  ETA: 35.0s

  Round 11/30  [███████████░░░░░░░░░░░░░░░░░░░] 11/30
           Accuracy  : 88.01%  (+0.49%)
           F1 (macro): 0.8443  |  AUC: 0.8519
           Time      : 1.9s  |  ETA: 34.0s

  Round 12/30  [████████████░░░░░░░░░░░░░░░░░░] 12/30
           Accuracy  : 85.01%  (-3.0%)
           F1 (macro): 0.7573  |  AUC: 0.9908
           Time      : 1.9s  |  ETA: 32.0s

  Round 13/30  [█████████████░░░░░░░░░░░░░░░░░] 13/30
           Accuracy  : 89.12%  (+4.11%)
           F1 (macro): 0.8631  |  AUC: 0.8528
           Time      : 1.2s  |  ETA: 30.0s

  Round 14/30  [██████████████░░░░░░░░░░░░░░░░] 14/30
           Accuracy  : 85.32%  (-3.8%)
           F1 (macro): 0.8074  |  AUC: 0.9913
           Time      : 1.8s  |  ETA: 28.0s

  Round 15/30  [███████████████░░░░░░░░░░░░░░░] 15/30
           Accuracy  : 87.35%  (+2.03%)
           F1 (macro): 0.8309  |  AUC: 0.8522
           Time      : 1.6s  |  ETA: 26.0s

  Round 16/30  [████████████████░░░░░░░░░░░░░░] 16/30
           Accuracy  : 89.2%  (+1.85%)
           F1 (macro): 0.8624  |  AUC: 0.8545
           Time      : 1.3s  |  ETA: 24.0s

  Round 17/30  [█████████████████░░░░░░░░░░░░░] 17/30
           Accuracy  : 92.08%  (+2.88%)
           F1 (macro): 0.897  |  AUC: 0.8545
           Time      : 1.3s  |  ETA: 22.0s

  Round 18/30  [██████████████████░░░░░░░░░░░░] 18/30
           Accuracy  : 93.94%  (+1.86%)
           F1 (macro): 0.9117  |  AUC: 0.997
           Time      : 1.5s  |  ETA: 20.0s

  Round 19/30  [███████████████████░░░░░░░░░░░] 19/30
           Accuracy  : 92.4%  (-1.54%)
           F1 (macro): 0.872  |  AUC: 0.8525
           Time      : 1.6s  |  ETA: 18.0s

  Round 20/30  [████████████████████░░░░░░░░░░] 20/30
           Accuracy  : 92.86%  (+0.46%)
           F1 (macro): 0.8695  |  AUC: 0.9953
           Time      : 1.6s  |  ETA: 17.0s

  Round 21/30  [█████████████████████░░░░░░░░░] 21/30
           Accuracy  : 91.49%  (-1.37%)
           F1 (macro): 0.8847  |  AUC: 0.8531
           Time      : 1.1s  |  ETA: 15.0s

  Round 22/30  [██████████████████████░░░░░░░░] 22/30
           Accuracy  : 89.46%  (-2.03%)
           F1 (macro): 0.8525  |  AUC: 0.9936
           Time      : 2.0s  |  ETA: 13.0s

  Round 23/30  [███████████████████████░░░░░░░] 23/30
           Accuracy  : 89.18%  (-0.28%)
           F1 (macro): 0.7811  |  AUC: 0.8507
           Time      : 2.0s  |  ETA: 12.0s

  Round 24/30  [████████████████████████░░░░░░] 24/30
           Accuracy  : 92.58%  (+3.4%)
           F1 (macro): 0.8516  |  AUC: 0.9923
           Time      : 2.1s  |  ETA: 10.0s

  Round 25/30  [█████████████████████████░░░░░] 25/30
           Accuracy  : 91.42%  (-1.16%)
           F1 (macro): 0.8594  |  AUC: 0.9962
           Time      : 1.8s  |  ETA: 8.0s

  Round 26/30  [██████████████████████████░░░░] 26/30
           Accuracy  : 93.89%  (+2.47%)
           F1 (macro): 0.8889  |  AUC: 0.8518
           Time      : 1.6s  |  ETA: 7.0s

  Round 27/30  [███████████████████████████░░░] 27/30
           Accuracy  : 93.9%  (+0.02%)
           F1 (macro): 0.8911  |  AUC: 0.8546
           Time      : 1.8s  |  ETA: 5.0s

  Round 28/30  [████████████████████████████░░] 28/30
           Accuracy  : 92.91%  (-0.99%)
           F1 (macro): 0.8887  |  AUC: 0.8536
           Time      : 2.0s  |  ETA: 3.0s

  Round 29/30  [█████████████████████████████░] 29/30
           Accuracy  : 90.1%  (-2.81%)
           F1 (macro): 0.8686  |  AUC: 0.9927
           Time      : 1.8s  |  ETA: 2.0s

  Round 30/30  [██████████████████████████████] 30/30
           Accuracy  : 80.43%  (-9.66%)
           F1 (macro): 0.7308  |  AUC: 0.8477
           Time      : 1.5s  |  ETA: 0.0s

----------------------------------------------------------
  Done!  Best Acc: 93.94%  Best F1: 0.9117
  alpha_inner=0.0005  Total time: 51.0s
----------------------------------------------------------

  Plot saved: perfedavg_plots/perfedavg_alpha0.7_c10_ai0.0005_seed42_curves.png
  Checkpoint: perfedavg_checkpoints/perfedavg_alpha0.7_c10_ai0.0005_seed42_best.pth
